{
"project:external_webkit-jb-mr1/Source/WebCore/manual-tests/crash-and-no-repaint-after-wake-from-sleep.html": [
8
],
"project:external_webkit-jb-mr1/Source/WebCore/manual-tests/no-repaint-after-wake-from-sleep.html": [
7
]
}
